// Jest Snapshot v1, https://goo.gl/fbAQLP

exports[`initial render 1`] = `
<div>
  <div>
    <h1>
      Order History
    </h1>
    <button
      class="MuiButtonBase-root MuiButton-root MuiButton-contained MuiButton-containedPrimary MuiButton-containedSizeLarge MuiButton-sizeLarge"
      data-testid="fetchButton"
      tabindex="0"
      type="button"
    >
      <span
        class="MuiButton-label"
      >
        Fetch Orders
      </span>
      <span
        class="MuiTouchRipple-root"
      />
    </button>
  </div>
</div>
`;
